Product: MDK-ARM Standard 5.10
Component: ARM Compiler 5.04 update 1 (build 49)
Tool: armlink [5040049]

==============================================================================

Section Cross References

    main.o(.text) refers to mul.o(.test1) for multiply256x256_asm
    main.o(.text) refers to test_mul.o(.test1) for test_low_mid
    main.o(.text) refers to rt_memclr_w.o(.text) for __aeabi_memclr4
    main.o(.text) refers to sidh.o(.text) for EphemeralKeyGeneration_A_SIDHp503
    main.o(.text) refers to main.o(.constdata) for .constdata
    fp_generic.o(.text) refers to fpx.o(.text) for mp_shiftr1
    fp_generic.o(.text) refers to test_mul.o(.test1) for multiply32x32_asm_m4
    fp_generic.o(.text) refers to p503.o(.constdata) for p503x2
    fpx.o(.text) refers to rt_memclr_w.o(.text) for __aeabi_memclr4
    fpx.o(.text) refers to main.o(.text) for multi_testing
    fpx.o(.text) refers to fp_generic.o(.text) for rdc_mont
    fpx.o(.text) refers to fpx.o(i.fpcopy503) for fpcopy503
    fpx.o(.text) refers to p503.o(.constdata) for Montgomery_R2
    fpx.o(.text) refers to fpx.o(i.fpzero503) for fpzero503
    ec_isogeny.o(.text) refers to fpx.o(.text) for fp2sub503
    ec_isogeny.o(.text) refers to rt_memclr_w.o(.text) for __aeabi_memclr4
    ec_isogeny.o(.text) refers to fpx.o(i.fpcopy503) for fpcopy503
    ec_isogeny.o(.text) refers to fpx.o(i.fpzero503) for fpzero503
    ec_isogeny.o(.text) refers to p503.o(.constdata) for Montgomery_one
    sidh.o(.text) refers to fpx.o(i.fpcopy503) for fpcopy503
    sidh.o(.text) refers to fpx.o(i.fpzero503) for fpzero503
    sidh.o(.text) refers to fpx.o(.text) for from_fp2mont
    sidh.o(.text) refers to random.o(.text) for randombytes
    sidh.o(.text) refers to rt_memclr_w.o(.text) for __aeabi_memclr4
    sidh.o(.text) refers to ec_isogeny.o(.text) for LADDER3PT
    sidh.o(.text) refers to p503.o(.constdata) for A_gen
    sidh.o(.text) refers to fp_generic.o(.text) for fpadd503
    sike.o(.text) refers to random.o(.text) for randombytes
    sike.o(.text) refers to sidh.o(.text) for random_mod_order_B_SIDHp503
    sike.o(.text) refers to rt_memcpy_v6.o(.text) for __aeabi_memcpy
    sike.o(.text) refers to fips202.o(.text) for cshake256_simple
    sike.o(.text) refers to memcmp.o(.text) for memcmp
    fips202.o(.text) refers to llshl.o(.text) for __aeabi_llsl
    fips202.o(.text) refers to fips202.o(.constdata) for KeccakF_RoundConstants
    fips202.o(.text) refers to rt_memclr_w.o(.text) for __aeabi_memclr4
    fips202.o(.text) refers to lludivv7m.o(.text) for __aeabi_uldivmod
    startup_tm4c129.o(STACK) refers (Special) to heapauxi.o(.text) for __use_two_region_memory
    startup_tm4c129.o(HEAP) refers (Special) to heapauxi.o(.text) for __use_two_region_memory
    startup_tm4c129.o(RESET) refers (Special) to heapauxi.o(.text) for __use_two_region_memory
    startup_tm4c129.o(RESET) refers to startup_tm4c129.o(STACK) for __initial_sp
    startup_tm4c129.o(RESET) refers to startup_tm4c129.o(.text) for Reset_Handler
    startup_tm4c129.o(.text) refers (Special) to heapauxi.o(.text) for __use_two_region_memory
    startup_tm4c129.o(.text) refers to system_tm4c129.o(.text) for SystemInit
    startup_tm4c129.o(.text) refers to __main.o(!!!main) for __main
    startup_tm4c129.o(.text) refers to startup_tm4c129.o(HEAP) for Heap_Mem
    startup_tm4c129.o(.text) refers to startup_tm4c129.o(STACK) for Stack_Mem
    system_tm4c129.o(.text) refers to system_tm4c129.o(.data) for SystemCoreClock
    rt_memcpy_v6.o(.text) refers to rt_memcpy_w.o(.text) for __aeabi_memcpy4
    __main.o(!!!main) refers to rtentry.o(.ARM.Collect$$rtentry$$00000000) for __rt_entry
    rtentry.o(.ARM.Collect$$rtentry$$00000000) refers (Special) to rtentry2.o(.ARM.Collect$$rtentry$$0000000A) for __rt_entry_li
    rtentry.o(.ARM.Collect$$rtentry$$00000000) refers (Special) to rtentry2.o(.ARM.Collect$$rtentry$$0000000D) for __rt_entry_main
    rtentry.o(.ARM.Collect$$rtentry$$00000000) refers (Special) to rtentry2.o(.ARM.Collect$$rtentry$$0000000C) for __rt_entry_postli_1
    rtentry.o(.ARM.Collect$$rtentry$$00000000) refers (Special) to rtentry2.o(.ARM.Collect$$rtentry$$00000009) for __rt_entry_postsh_1
    rtentry.o(.ARM.Collect$$rtentry$$00000000) refers (Special) to rtentry2.o(.ARM.Collect$$rtentry$$00000002) for __rt_entry_presh_1
    rtentry.o(.ARM.Collect$$rtentry$$00000000) refers (Special) to rtentry4.o(.ARM.Collect$$rtentry$$00000004) for __rt_entry_sh
    aeabi_ldiv0_sigfpe.o(.text) refers to rt_div0.o(.text) for __rt_div0
    rtentry2.o(.ARM.Collect$$rtentry$$00000008) refers to boardinit2.o(.text) for _platform_post_stackheap_init
    rtentry2.o(.ARM.Collect$$rtentry$$0000000A) refers to libinit.o(.ARM.Collect$$libinit$$00000000) for __rt_lib_init
    rtentry2.o(.ARM.Collect$$rtentry$$0000000B) refers to boardinit3.o(.text) for _platform_post_lib_init
    rtentry2.o(.ARM.Collect$$rtentry$$0000000D) refers to main.o(.text) for main
    rtentry2.o(.ARM.Collect$$rtentry$$0000000D) refers to exit.o(.text) for exit
    rtentry2.o(.ARM.exidx) refers to rtentry2.o(.ARM.Collect$$rtentry$$00000001) for .ARM.Collect$$rtentry$$00000001
    rtentry2.o(.ARM.exidx) refers to rtentry2.o(.ARM.Collect$$rtentry$$00000008) for .ARM.Collect$$rtentry$$00000008
    rtentry2.o(.ARM.exidx) refers to rtentry2.o(.ARM.Collect$$rtentry$$0000000A) for .ARM.Collect$$rtentry$$0000000A
    rtentry2.o(.ARM.exidx) refers to rtentry2.o(.ARM.Collect$$rtentry$$0000000B) for .ARM.Collect$$rtentry$$0000000B
    rtentry2.o(.ARM.exidx) refers to rtentry2.o(.ARM.Collect$$rtentry$$0000000D) for .ARM.Collect$$rtentry$$0000000D
    rtentry4.o(.ARM.Collect$$rtentry$$00000004) refers to sys_stackheap_outer.o(.text) for __user_setup_stackheap
    rtentry4.o(.ARM.exidx) refers to rtentry4.o(.ARM.Collect$$rtentry$$00000004) for .ARM.Collect$$rtentry$$00000004
    rt_div0.o(.text) refers to defsig_fpe_outer.o(.text) for __rt_SIGFPE
    sys_stackheap_outer.o(.text) refers to libspace.o(.text) for __user_perproc_libspace
    sys_stackheap_outer.o(.text) refers to startup_tm4c129.o(.text) for __user_initial_stackheap
    exit.o(.text) refers to rtexit.o(.ARM.Collect$$rtexit$$00000000) for __rt_exit
    defsig_fpe_outer.o(.text) refers to defsig_fpe_inner.o(.text) for __rt_SIGFPE_inner
    defsig_fpe_outer.o(.text) refers to defsig_exit.o(.text) for __sig_exit
    defsig_fpe_formal.o(.text) refers to rt_raise.o(.text) for __rt_raise
    libinit.o(.ARM.Collect$$libinit$$00000000) refers (Special) to libinit2.o(.ARM.Collect$$libinit$$0000002C) for __rt_lib_init_alloca_1
    libinit.o(.ARM.Collect$$libinit$$00000000) refers (Special) to libinit2.o(.ARM.Collect$$libinit$$0000002A) for __rt_lib_init_argv_1
    libinit.o(.ARM.Collect$$libinit$$00000000) refers (Special) to libinit2.o(.ARM.Collect$$libinit$$00000019) for __rt_lib_init_atexit_1
    libinit.o(.ARM.Collect$$libinit$$00000000) refers (Special) to libinit2.o(.ARM.Collect$$libinit$$0000001F) for __rt_lib_init_clock_1
    libinit.o(.ARM.Collect$$libinit$$00000000) refers (Special) to libinit2.o(.ARM.Collect$$libinit$$00000030) for __rt_lib_init_cpp_1
    libinit.o(.ARM.Collect$$libinit$$00000000) refers (Special) to libinit2.o(.ARM.Collect$$libinit$$0000002E) for __rt_lib_init_exceptions_1
    libinit.o(.ARM.Collect$$libinit$$00000000) refers (Special) to libinit2.o(.ARM.Collect$$libinit$$00000001) for __rt_lib_init_fp_1
    libinit.o(.ARM.Collect$$libinit$$00000000) refers (Special) to libinit2.o(.ARM.Collect$$libinit$$0000001D) for __rt_lib_init_fp_trap_1
    libinit.o(.ARM.Collect$$libinit$$00000000) refers (Special) to libinit2.o(.ARM.Collect$$libinit$$00000021) for __rt_lib_init_getenv_1
    libinit.o(.ARM.Collect$$libinit$$00000000) refers (Special) to libinit2.o(.ARM.Collect$$libinit$$00000008) for __rt_lib_init_heap_1
    libinit.o(.ARM.Collect$$libinit$$00000000) refers (Special) to libinit2.o(.ARM.Collect$$libinit$$0000000F) for __rt_lib_init_lc_collate_1
    libinit.o(.ARM.Collect$$libinit$$00000000) refers (Special) to libinit2.o(.ARM.Collect$$libinit$$00000011) for __rt_lib_init_lc_ctype_1
    libinit.o(.ARM.Collect$$libinit$$00000000) refers (Special) to libinit2.o(.ARM.Collect$$libinit$$00000013) for __rt_lib_init_lc_monetary_1
    libinit.o(.ARM.Collect$$libinit$$00000000) refers (Special) to libinit2.o(.ARM.Collect$$libinit$$00000015) for __rt_lib_init_lc_numeric_1
    libinit.o(.ARM.Collect$$libinit$$00000000) refers (Special) to libinit2.o(.ARM.Collect$$libinit$$00000017) for __rt_lib_init_lc_time_1
    libinit.o(.ARM.Collect$$libinit$$00000000) refers (Special) to libinit2.o(.ARM.Collect$$libinit$$0000000C) for __rt_lib_init_rand_1
    libinit.o(.ARM.Collect$$libinit$$00000000) refers (Special) to libinit2.o(.ARM.Collect$$libinit$$00000031) for __rt_lib_init_return
    libinit.o(.ARM.Collect$$libinit$$00000000) refers (Special) to libinit2.o(.ARM.Collect$$libinit$$0000001B) for __rt_lib_init_signal_1
    libinit.o(.ARM.Collect$$libinit$$00000000) refers (Special) to libinit2.o(.ARM.Collect$$libinit$$00000023) for __rt_lib_init_stdio_1
    libinit.o(.ARM.Collect$$libinit$$00000000) refers (Special) to libinit2.o(.ARM.Collect$$libinit$$0000000A) for __rt_lib_init_user_alloc_1
    libspace.o(.text) refers to libspace.o(.bss) for __libspace_start
    rtexit.o(.ARM.Collect$$rtexit$$00000000) refers (Special) to rtexit2.o(.ARM.Collect$$rtexit$$00000004) for __rt_exit_exit
    rtexit.o(.ARM.Collect$$rtexit$$00000000) refers (Special) to rtexit2.o(.ARM.Collect$$rtexit$$00000003) for __rt_exit_ls
    rtexit.o(.ARM.Collect$$rtexit$$00000000) refers (Special) to rtexit2.o(.ARM.Collect$$rtexit$$00000002) for __rt_exit_prels_1
    rtexit.o(.ARM.exidx) refers (Special) to rtexit2.o(.ARM.Collect$$rtexit$$00000004) for __rt_exit_exit
    rtexit.o(.ARM.exidx) refers (Special) to rtexit2.o(.ARM.Collect$$rtexit$$00000003) for __rt_exit_ls
    rtexit.o(.ARM.exidx) refers (Special) to rtexit2.o(.ARM.Collect$$rtexit$$00000002) for __rt_exit_prels_1
    rtexit.o(.ARM.exidx) refers to rtexit.o(.ARM.Collect$$rtexit$$00000000) for .ARM.Collect$$rtexit$$00000000
    rt_raise.o(.text) refers to __raise.o(.text) for __raise
    rt_raise.o(.text) refers to sys_exit.o(.text) for _sys_exit
    defsig_exit.o(.text) refers to sys_exit.o(.text) for _sys_exit
    defsig_fpe_inner.o(.text) refers to defsig_general.o(.text) for __default_signal_display
    libinit2.o(.ARM.Collect$$libinit$$00000001) refers to fpinit.o(x$fpl$fpinit) for _fp_init
    libinit2.o(.ARM.Collect$$libinit$$0000000E) refers to libinit2.o(.ARM.Collect$$libinit$$0000000D) for .ARM.Collect$$libinit$$0000000D
    libinit2.o(.ARM.Collect$$libinit$$00000010) refers to libinit2.o(.ARM.Collect$$libinit$$0000000D) for .ARM.Collect$$libinit$$0000000D
    libinit2.o(.ARM.Collect$$libinit$$00000012) refers to libinit2.o(.ARM.Collect$$libinit$$0000000D) for .ARM.Collect$$libinit$$0000000D
    libinit2.o(.ARM.Collect$$libinit$$00000014) refers to libinit2.o(.ARM.Collect$$libinit$$0000000D) for .ARM.Collect$$libinit$$0000000D
    libinit2.o(.ARM.Collect$$libinit$$00000016) refers to libinit2.o(.ARM.Collect$$libinit$$0000000D) for .ARM.Collect$$libinit$$0000000D
    libinit2.o(.ARM.Collect$$libinit$$00000024) refers to argv_veneer.o(.emb_text) for __ARM_argv_veneer
    libinit2.o(.ARM.Collect$$libinit$$00000025) refers to argv_veneer.o(.emb_text) for __ARM_argv_veneer
    sys_exit.o(.text) refers (Special) to use_no_semi.o(.text) for __I$use$semihosting
    sys_exit.o(.text) refers (Special) to indicate_semi.o(.text) for __semihosting_library_function
    rtexit2.o(.ARM.Collect$$rtexit$$00000003) refers to libshutdown.o(.ARM.Collect$$libshutdown$$00000000) for __rt_lib_shutdown
    rtexit2.o(.ARM.Collect$$rtexit$$00000004) refers to sys_exit.o(.text) for _sys_exit
    rtexit2.o(.ARM.exidx) refers to rtexit2.o(.ARM.Collect$$rtexit$$00000001) for .ARM.Collect$$rtexit$$00000001
    rtexit2.o(.ARM.exidx) refers to rtexit2.o(.ARM.Collect$$rtexit$$00000003) for .ARM.Collect$$rtexit$$00000003
    rtexit2.o(.ARM.exidx) refers to rtexit2.o(.ARM.Collect$$rtexit$$00000004) for .ARM.Collect$$rtexit$$00000004
    __raise.o(.text) refers to defsig.o(CL$$defsig) for __default_signal_handler
    defsig_general.o(.text) refers to sys_wrch.o(.text) for _ttywrch
    argv_veneer.o(.emb_text) refers to no_argv.o(.text) for __ARM_get_argv
    sys_wrch.o(.text) refers (Special) to use_no_semi.o(.text) for __I$use$semihosting
    sys_wrch.o(.text) refers (Special) to indicate_semi.o(.text) for __semihosting_library_function
    defsig.o(CL$$defsig) refers to defsig_fpe_inner.o(.text) for __rt_SIGFPE_inner
    defsig.o(CL$$defsig) refers to defsig_rtmem_inner.o(.text) for __rt_SIGRTMEM_inner
    _get_argv_nomalloc.o(.text) refers (Special) to hrguard.o(.text) for __heap_region$guard
    _get_argv_nomalloc.o(.text) refers to defsig_rtmem_outer.o(.text) for __rt_SIGRTMEM
    _get_argv_nomalloc.o(.text) refers to sys_command.o(.text) for _sys_command_string
    libshutdown.o(.ARM.Collect$$libshutdown$$00000000) refers (Special) to libshutdown2.o(.ARM.Collect$$libshutdown$$00000006) for __rt_lib_shutdown_fp_trap_1
    libshutdown.o(.ARM.Collect$$libshutdown$$00000000) refers (Special) to libshutdown2.o(.ARM.Collect$$libshutdown$$0000000E) for __rt_lib_shutdown_heap_1
    libshutdown.o(.ARM.Collect$$libshutdown$$00000000) refers (Special) to libshutdown2.o(.ARM.Collect$$libshutdown$$0000000F) for __rt_lib_shutdown_return
    libshutdown.o(.ARM.Collect$$libshutdown$$00000000) refers (Special) to libshutdown2.o(.ARM.Collect$$libshutdown$$00000009) for __rt_lib_shutdown_signal_1
    libshutdown.o(.ARM.Collect$$libshutdown$$00000000) refers (Special) to libshutdown2.o(.ARM.Collect$$libshutdown$$00000003) for __rt_lib_shutdown_stdio_1
    libshutdown.o(.ARM.Collect$$libshutdown$$00000000) refers (Special) to libshutdown2.o(.ARM.Collect$$libshutdown$$0000000B) for __rt_lib_shutdown_user_alloc_1
    sys_command.o(.text) refers (Special) to use_no_semi.o(.text) for __I$use$semihosting
    sys_command.o(.text) refers (Special) to indicate_semi.o(.text) for __semihosting_library_function
    defsig_abrt_inner.o(.text) refers to defsig_general.o(.text) for __default_signal_display
    defsig_rtred_inner.o(.text) refers to defsig_general.o(.text) for __default_signal_display
    defsig_rtmem_inner.o(.text) refers to defsig_general.o(.text) for __default_signal_display
    defsig_rtmem_outer.o(.text) refers to defsig_rtmem_inner.o(.text) for __rt_SIGRTMEM_inner
    defsig_rtmem_outer.o(.text) refers to defsig_exit.o(.text) for __sig_exit
    defsig_rtmem_formal.o(.text) refers to rt_raise.o(.text) for __rt_raise
    defsig_stak_inner.o(.text) refers to defsig_general.o(.text) for __default_signal_display
    defsig_pvfn_inner.o(.text) refers to defsig_general.o(.text) for __default_signal_display
    defsig_cppl_inner.o(.text) refers to defsig_general.o(.text) for __default_signal_display
    defsig_segv_inner.o(.text) refers to defsig_general.o(.text) for __default_signal_display
    defsig_other.o(.text) refers to defsig_general.o(.text) for __default_signal_display


==============================================================================

Removing Unused input sections from the image.

    Removing main.o(.bss), (384 bytes).
    Removing main.o(.data), (128 bytes).
    Removing sike.o(.text), (486 bytes).
    Removing fips202.o(.text), (6690 bytes).
    Removing fips202.o(.constdata), (192 bytes).
    Removing system_tm4c129.o(.rev16_text), (4 bytes).
    Removing system_tm4c129.o(.revsh_text), (4 bytes).

7 unused section(s) (total 7888 bytes) removed from the image.

==============================================================================

Image Symbol Table

    Local Symbols

    Symbol Name                              Value     Ov Type        Size  Object(Section)

    RESET                                    0x00000000   Section      512  startup_tm4c129.o(RESET)
    ../clib/angel/boardlib.s                 0x00000000   Number         0  boardinit3.o ABSOLUTE
    ../clib/angel/boardlib.s                 0x00000000   Number         0  boardinit2.o ABSOLUTE
    ../clib/angel/boardlib.s                 0x00000000   Number         0  boardshut.o ABSOLUTE
    ../clib/angel/boardlib.s                 0x00000000   Number         0  boardinit1.o ABSOLUTE
    ../clib/angel/handlers.s                 0x00000000   Number         0  __scatter_copy.o ABSOLUTE
    ../clib/angel/handlers.s                 0x00000000   Number         0  __scatter_zi.o ABSOLUTE
    ../clib/angel/kernel.s                   0x00000000   Number         0  rtentry.o ABSOLUTE
    ../clib/angel/kernel.s                   0x00000000   Number         0  rtexit2.o ABSOLUTE
    ../clib/angel/kernel.s                   0x00000000   Number         0  rtexit.o ABSOLUTE
    ../clib/angel/kernel.s                   0x00000000   Number         0  rtentry4.o ABSOLUTE
    ../clib/angel/kernel.s                   0x00000000   Number         0  rtentry2.o ABSOLUTE
    ../clib/angel/rt.s                       0x00000000   Number         0  rt_div0.o ABSOLUTE
    ../clib/angel/rt.s                       0x00000000   Number         0  aeabi_ldiv0.o ABSOLUTE
    ../clib/angel/rt.s                       0x00000000   Number         0  aeabi_ldiv0_sigfpe.o ABSOLUTE
    ../clib/angel/rt.s                       0x00000000   Number         0  rt_raise.o ABSOLUTE
    ../clib/angel/scatter.s                  0x00000000   Number         0  __scatter.o ABSOLUTE
    ../clib/angel/startup.s                  0x00000000   Number         0  __main.o ABSOLUTE
    ../clib/angel/sys.s                      0x00000000   Number         0  libspace.o ABSOLUTE
    ../clib/angel/sys.s                      0x00000000   Number         0  sys_stackheap_outer.o ABSOLUTE
    ../clib/angel/sys.s                      0x00000000   Number         0  use_no_semi.o ABSOLUTE
    ../clib/angel/sys.s                      0x00000000   Number         0  indicate_semi.o ABSOLUTE
    ../clib/angel/sysapp.c                   0x00000000   Number         0  sys_wrch.o ABSOLUTE
    ../clib/angel/sysapp.c                   0x00000000   Number         0  sys_exit.o ABSOLUTE
    ../clib/angel/sysapp.c                   0x00000000   Number         0  sys_command.o ABSOLUTE
    ../clib/armsys.c                         0x00000000   Number         0  argv_veneer.o ABSOLUTE
    ../clib/armsys.c                         0x00000000   Number         0  argv_veneer.o ABSOLUTE
    ../clib/armsys.c                         0x00000000   Number         0  _get_argv_nomalloc.o ABSOLUTE
    ../clib/armsys.c                         0x00000000   Number         0  no_argv.o ABSOLUTE
    ../clib/heapalloc.c                      0x00000000   Number         0  hrguard.o ABSOLUTE
    ../clib/heapaux.c                        0x00000000   Number         0  heapauxi.o ABSOLUTE
    ../clib/libinit.s                        0x00000000   Number         0  libinit.o ABSOLUTE
    ../clib/libinit.s                        0x00000000   Number         0  libshutdown2.o ABSOLUTE
    ../clib/libinit.s                        0x00000000   Number         0  libshutdown.o ABSOLUTE
    ../clib/libinit.s                        0x00000000   Number         0  libinit2.o ABSOLUTE
    ../clib/longlong.s                       0x00000000   Number         0  llshl.o ABSOLUTE
    ../clib/longlong.s                       0x00000000   Number         0  lludivv7m.o ABSOLUTE
    ../clib/memcpset.s                       0x00000000   Number         0  rt_memcpy_w.o ABSOLUTE
    ../clib/memcpset.s                       0x00000000   Number         0  rt_memclr_w.o ABSOLUTE
    ../clib/memcpset.s                       0x00000000   Number         0  rt_memcpy_v6.o ABSOLUTE
    ../clib/signal.c                         0x00000000   Number         0  defsig_stak_inner.o ABSOLUTE
    ../clib/signal.c                         0x00000000   Number         0  defsig_general.o ABSOLUTE
    ../clib/signal.c                         0x00000000   Number         0  defsig_pvfn_inner.o ABSOLUTE
    ../clib/signal.c                         0x00000000   Number         0  defsig_cppl_inner.o ABSOLUTE
    ../clib/signal.c                         0x00000000   Number         0  defsig_rtmem_inner.o ABSOLUTE
    ../clib/signal.c                         0x00000000   Number         0  __raise.o ABSOLUTE
    ../clib/signal.c                         0x00000000   Number         0  defsig_segv_inner.o ABSOLUTE
    ../clib/signal.c                         0x00000000   Number         0  defsig_fpe_formal.o ABSOLUTE
    ../clib/signal.c                         0x00000000   Number         0  defsig_fpe_outer.o ABSOLUTE
    ../clib/signal.c                         0x00000000   Number         0  defsig_abrt_inner.o ABSOLUTE
    ../clib/signal.c                         0x00000000   Number         0  defsig_other.o ABSOLUTE
    ../clib/signal.c                         0x00000000   Number         0  defsig_rtred_inner.o ABSOLUTE
    ../clib/signal.c                         0x00000000   Number         0  defsig_rtmem_outer.o ABSOLUTE
    ../clib/signal.c                         0x00000000   Number         0  defsig_fpe_inner.o ABSOLUTE
    ../clib/signal.c                         0x00000000   Number         0  defsig_exit.o ABSOLUTE
    ../clib/signal.c                         0x00000000   Number         0  defsig_rtmem_formal.o ABSOLUTE
    ../clib/signal.s                         0x00000000   Number         0  defsig.o ABSOLUTE
    ../clib/stdlib.c                         0x00000000   Number         0  exit.o ABSOLUTE
    ../clib/string.c                         0x00000000   Number         0  memcmp.o ABSOLUTE
    ../fplib/fpinit.s                        0x00000000   Number         0  fpinit.o ABSOLUTE
    P503.c                                   0x00000000   Number         0  p503.o ABSOLUTE
    RTE\Device\TM4C129ENCPDT\startup_TM4C129.s 0x00000000   Number         0  startup_tm4c129.o ABSOLUTE
    RTE\Device\TM4C129ENCPDT\system_TM4C129.c 0x00000000   Number         0  system_tm4c129.o ABSOLUTE
    RTE\\Device\\TM4C129ENCPDT\\system_TM4C129.c 0x00000000   Number         0  system_tm4c129.o ABSOLUTE
    dc.s                                     0x00000000   Number         0  dc.o ABSOLUTE
    ec_isogeny.c                             0x00000000   Number         0  ec_isogeny.o ABSOLUTE
    fips202.c                                0x00000000   Number         0  fips202.o ABSOLUTE
    fp_generic.c                             0x00000000   Number         0  fp_generic.o ABSOLUTE
    fpx.c                                    0x00000000   Number         0  fpx.o ABSOLUTE
    main.c                                   0x00000000   Number         0  main.o ABSOLUTE
    mul.s                                    0x00000000   Number         0  mul.o ABSOLUTE
    random.c                                 0x00000000   Number         0  random.o ABSOLUTE
    sidh.c                                   0x00000000   Number         0  sidh.o ABSOLUTE
    sike.c                                   0x00000000   Number         0  sike.o ABSOLUTE
    test_mul.s                               0x00000000   Number         0  test_mul.o ABSOLUTE
    !!!main                                  0x00000200   Section        8  __main.o(!!!main)
    !!!scatter                               0x00000208   Section       52  __scatter.o(!!!scatter)
    !!handler_copy                           0x0000023c   Section       26  __scatter_copy.o(!!handler_copy)
    !!handler_zi                             0x00000258   Section       28  __scatter_zi.o(!!handler_zi)
    .ARM.Collect$$libinit$$00000000          0x00000274   Section        2  libinit.o(.ARM.Collect$$libinit$$00000000)
    .ARM.Collect$$libinit$$00000001          0x00000276   Section        4  libinit2.o(.ARM.Collect$$libinit$$00000001)
    .ARM.Collect$$libinit$$00000008          0x0000027a   Section        0  libinit2.o(.ARM.Collect$$libinit$$00000008)
    .ARM.Collect$$libinit$$0000000A          0x0000027a   Section        0  libinit2.o(.ARM.Collect$$libinit$$0000000A)
    .ARM.Collect$$libinit$$0000000C          0x0000027a   Section        0  libinit2.o(.ARM.Collect$$libinit$$0000000C)
    .ARM.Collect$$libinit$$0000000F          0x0000027a   Section        0  libinit2.o(.ARM.Collect$$libinit$$0000000F)
    .ARM.Collect$$libinit$$00000011          0x0000027a   Section        0  libinit2.o(.ARM.Collect$$libinit$$00000011)
    .ARM.Collect$$libinit$$00000013          0x0000027a   Section        0  libinit2.o(.ARM.Collect$$libinit$$00000013)
    .ARM.Collect$$libinit$$00000015          0x0000027a   Section        0  libinit2.o(.ARM.Collect$$libinit$$00000015)
    .ARM.Collect$$libinit$$00000017          0x0000027a   Section        0  libinit2.o(.ARM.Collect$$libinit$$00000017)
    .ARM.Collect$$libinit$$00000019          0x0000027a   Section        0  libinit2.o(.ARM.Collect$$libinit$$00000019)
    .ARM.Collect$$libinit$$0000001B          0x0000027a   Section        0  libinit2.o(.ARM.Collect$$libinit$$0000001B)
    .ARM.Collect$$libinit$$0000001D          0x0000027a   Section        0  libinit2.o(.ARM.Collect$$libinit$$0000001D)
    .ARM.Collect$$libinit$$0000001F          0x0000027a   Section        0  libinit2.o(.ARM.Collect$$libinit$$0000001F)
    .ARM.Collect$$libinit$$00000021          0x0000027a   Section        0  libinit2.o(.ARM.Collect$$libinit$$00000021)
    .ARM.Collect$$libinit$$00000023          0x0000027a   Section        0  libinit2.o(.ARM.Collect$$libinit$$00000023)
    .ARM.Collect$$libinit$$0000002A          0x0000027a   Section        0  libinit2.o(.ARM.Collect$$libinit$$0000002A)
    .ARM.Collect$$libinit$$0000002C          0x0000027a   Section        0  libinit2.o(.ARM.Collect$$libinit$$0000002C)
    .ARM.Collect$$libinit$$0000002E          0x0000027a   Section        0  libinit2.o(.ARM.Collect$$libinit$$0000002E)
    .ARM.Collect$$libinit$$00000030          0x0000027a   Section        0  libinit2.o(.ARM.Collect$$libinit$$00000030)
    .ARM.Collect$$libinit$$00000031          0x0000027a   Section        2  libinit2.o(.ARM.Collect$$libinit$$00000031)
    .ARM.Collect$$libshutdown$$00000000      0x0000027c   Section        2  libshutdown.o(.ARM.Collect$$libshutdown$$00000000)
    .ARM.Collect$$libshutdown$$00000003      0x0000027e   Section        0  libshutdown2.o(.ARM.Collect$$libshutdown$$00000003)
    .ARM.Collect$$libshutdown$$00000006      0x0000027e   Section        0  libshutdown2.o(.ARM.Collect$$libshutdown$$00000006)
    .ARM.Collect$$libshutdown$$00000009      0x0000027e   Section        0  libshutdown2.o(.ARM.Collect$$libshutdown$$00000009)
    .ARM.Collect$$libshutdown$$0000000B      0x0000027e   Section        0  libshutdown2.o(.ARM.Collect$$libshutdown$$0000000B)
    .ARM.Collect$$libshutdown$$0000000E      0x0000027e   Section        0  libshutdown2.o(.ARM.Collect$$libshutdown$$0000000E)
    .ARM.Collect$$libshutdown$$0000000F      0x0000027e   Section        2  libshutdown2.o(.ARM.Collect$$libshutdown$$0000000F)
    .ARM.Collect$$rtentry$$00000000          0x00000280   Section        0  rtentry.o(.ARM.Collect$$rtentry$$00000000)
    .ARM.Collect$$rtentry$$00000002          0x00000280   Section        0  rtentry2.o(.ARM.Collect$$rtentry$$00000002)
    .ARM.Collect$$rtentry$$00000004          0x00000280   Section        6  rtentry4.o(.ARM.Collect$$rtentry$$00000004)
    .ARM.Collect$$rtentry$$00000009          0x00000286   Section        0  rtentry2.o(.ARM.Collect$$rtentry$$00000009)
    .ARM.Collect$$rtentry$$0000000A          0x00000286   Section        4  rtentry2.o(.ARM.Collect$$rtentry$$0000000A)
    .ARM.Collect$$rtentry$$0000000C          0x0000028a   Section        0  rtentry2.o(.ARM.Collect$$rtentry$$0000000C)
    .ARM.Collect$$rtentry$$0000000D          0x0000028a   Section        8  rtentry2.o(.ARM.Collect$$rtentry$$0000000D)
    .ARM.Collect$$rtexit$$00000000           0x00000292   Section        2  rtexit.o(.ARM.Collect$$rtexit$$00000000)
    .ARM.Collect$$rtexit$$00000002           0x00000294   Section        0  rtexit2.o(.ARM.Collect$$rtexit$$00000002)
    .ARM.Collect$$rtexit$$00000003           0x00000294   Section        4  rtexit2.o(.ARM.Collect$$rtexit$$00000003)
    .ARM.Collect$$rtexit$$00000004           0x00000298   Section        6  rtexit2.o(.ARM.Collect$$rtexit$$00000004)
    .test1                                   0x000002a0   Section      376  test_mul.o(.test1)
    $v0                                      0x000002a0   Number         0  test_mul.o(.test1)
    .test1                                   0x00000418   Section     1366  mul.o(.test1)
    $v0                                      0x00000418   Number         0  mul.o(.test1)
    .text                                    0x00000970   Section        0  main.o(.text)
    .text                                    0x00000a20   Section        0  fp_generic.o(.text)
    is_digit_zero_ct                         0x00000f21   Thumb Code    16  fp_generic.o(.text)
    is_digit_lessthan_ct                     0x00000f31   Thumb Code    18  fp_generic.o(.text)
    .text                                    0x00000f48   Section        0  fpx.o(.text)
    mp_addfast                               0x000015eb   Thumb Code    88  fpx.o(.text)
    mp_subfast                               0x000016e1   Thumb Code    24  fpx.o(.text)
    mp_dblsubfast                            0x000016f9   Thumb Code    34  fpx.o(.text)
    is_digit_lessthan_ct                     0x00001909   Thumb Code    18  fpx.o(.text)
    .text                                    0x00001920   Section        0  ec_isogeny.o(.text)
    swap_points                              0x00001fcd   Thumb Code   216  ec_isogeny.o(.text)
    .text                                    0x0000219c   Section        0  sidh.o(.text)
    clear_words                              0x0000219d   Thumb Code    24  sidh.o(.text)
    init_basis                               0x000021b5   Thumb Code    76  sidh.o(.text)
    fp2_encode                               0x00002201   Thumb Code    48  sidh.o(.text)
    fp2_decode                               0x00002231   Thumb Code    54  sidh.o(.text)
    .text                                    0x00002a60   Section        0  random.o(.text)
    .text                                    0x00002a68   Section      300  startup_tm4c129.o(.text)
    $v0                                      0x00002a68   Number         0  startup_tm4c129.o(.text)
    .text                                    0x00002b94   Section        0  system_tm4c129.o(.text)
    .text                                    0x00002bbc   Section       78  rt_memclr_w.o(.text)
    .text                                    0x00002c0a   Section        0  heapauxi.o(.text)
    .text                                    0x00002c10   Section       74  sys_stackheap_outer.o(.text)
    .text                                    0x00002c5a   Section        0  exit.o(.text)
    .text                                    0x00002c68   Section        8  libspace.o(.text)
    .text                                    0x00002c70   Section        0  sys_exit.o(.text)
    .text                                    0x00002c7c   Section        2  use_no_semi.o(.text)
    .text                                    0x00002c7e   Section        0  indicate_semi.o(.text)
    i.fpcopy503                              0x00002c7e   Section        0  fpx.o(i.fpcopy503)
    i.fpzero503                              0x00002c94   Section        0  fpx.o(i.fpzero503)
    x$fpl$fpinit                             0x00002ca8   Section       10  fpinit.o(x$fpl$fpinit)
    $v0                                      0x00002ca8   Number         0  fpinit.o(x$fpl$fpinit)
    .constdata                               0x00002cb4   Section        8  main.o(.constdata)
    .constdata                               0x00002cc0   Section     2280  p503.o(.constdata)
    .data                                    0x20000000   Section        4  system_tm4c129.o(.data)
    .bss                                     0x20000004   Section       96  libspace.o(.bss)
    HEAP                                     0x20000068   Section        0  startup_tm4c129.o(HEAP)
    STACK                                    0x20000068   Section     2048  startup_tm4c129.o(STACK)
    Heap_Mem                                 0x20000068   Data           0  startup_tm4c129.o(HEAP)
    Stack_Mem                                0x20000068   Data        2048  startup_tm4c129.o(STACK)
    __initial_sp                             0x20000868   Data           0  startup_tm4c129.o(STACK)

    Global Symbols

    Symbol Name                              Value     Ov Type        Size  Object(Section)

    BuildAttributes$$THM_ISAv4$E$P$D$K$B$S$7EM$VFPi3$EXTD16$VFPS$VFMA$PE$A:L22UL41UL21$X:L11$S22US41US21$IEEE1$IW$USESV6$~STKCKD$USESV7$~SHL$OSPACE$ROPI$EBA8$UX$STANDARDLIB$REQ8$EABIv2 0x00000000   Number         0  anon$$obj.o ABSOLUTE
    __ARM_use_no_argv                        0x00000000   Number         0  main.o ABSOLUTE
    __Vectors                                0x00000000   Data           4  startup_tm4c129.o(RESET)
    __ARM_exceptions_init                     - Undefined Weak Reference
    __alloca_initialize                       - Undefined Weak Reference
    __cpp_initialize__aeabi_                  - Undefined Weak Reference
    __cxa_finalize                            - Undefined Weak Reference
    __rt_locale                               - Undefined Weak Reference
    __sigvec_lookup                           - Undefined Weak Reference
    _atexit_init                              - Undefined Weak Reference
    _call_atexit_fns                          - Undefined Weak Reference
    _clock_init                               - Undefined Weak Reference
    _fp_trap_init                             - Undefined Weak Reference
    _fp_trap_shutdown                         - Undefined Weak Reference
    _get_lc_collate                           - Undefined Weak Reference
    _get_lc_ctype                             - Undefined Weak Reference
    _get_lc_monetary                          - Undefined Weak Reference
    _get_lc_numeric                           - Undefined Weak Reference
    _get_lc_time                              - Undefined Weak Reference
    _getenv_init                              - Undefined Weak Reference
    _handle_redirection                       - Undefined Weak Reference
    _init_alloc                               - Undefined Weak Reference
    _init_user_alloc                          - Undefined Weak Reference
    _initio                                   - Undefined Weak Reference
    _rand_init                                - Undefined Weak Reference
    _signal_finish                            - Undefined Weak Reference
    _signal_init                              - Undefined Weak Reference
    _terminate_alloc                          - Undefined Weak Reference
    _terminate_user_alloc                     - Undefined Weak Reference
    _terminateio                              - Undefined Weak Reference
    __Vectors_End                            0x00000200   Data           0  startup_tm4c129.o(RESET)
    __Vectors_Size                           0x00000200   Number         0  startup_tm4c129.o ABSOLUTE
    __main                                   0x00000201   Thumb Code     8  __main.o(!!!main)
    __scatterload                            0x00000209   Thumb Code     0  __scatter.o(!!!scatter)
    __scatterload_rt2                        0x00000209   Thumb Code    44  __scatter.o(!!!scatter)
    __scatterload_rt2_thumb_only             0x00000209   Thumb Code     0  __scatter.o(!!!scatter)
    __scatterload_null                       0x00000217   Thumb Code     0  __scatter.o(!!!scatter)
    __scatterload_copy                       0x0000023d   Thumb Code    26  __scatter_copy.o(!!handler_copy)
    __scatterload_zeroinit                   0x00000259   Thumb Code    28  __scatter_zi.o(!!handler_zi)
    __rt_lib_init                            0x00000275   Thumb Code     0  libinit.o(.ARM.Collect$$libinit$$00000000)
    __rt_lib_init_fp_1                       0x00000277   Thumb Code     0  libinit2.o(.ARM.Collect$$libinit$$00000001)
    __rt_lib_init_alloca_1                   0x0000027b   Thumb Code     0  libinit2.o(.ARM.Collect$$libinit$$0000002C)
    __rt_lib_init_argv_1                     0x0000027b   Thumb Code     0  libinit2.o(.ARM.Collect$$libinit$$0000002A)
    __rt_lib_init_atexit_1                   0x0000027b   Thumb Code     0  libinit2.o(.ARM.Collect$$libinit$$00000019)
    __rt_lib_init_clock_1                    0x0000027b   Thumb Code     0  libinit2.o(.ARM.Collect$$libinit$$0000001F)
    __rt_lib_init_cpp_1                      0x0000027b   Thumb Code     0  libinit2.o(.ARM.Collect$$libinit$$00000030)
    __rt_lib_init_exceptions_1               0x0000027b   Thumb Code     0  libinit2.o(.ARM.Collect$$libinit$$0000002E)
    __rt_lib_init_fp_trap_1                  0x0000027b   Thumb Code     0  libinit2.o(.ARM.Collect$$libinit$$0000001D)
    __rt_lib_init_getenv_1                   0x0000027b   Thumb Code     0  libinit2.o(.ARM.Collect$$libinit$$00000021)
    __rt_lib_init_heap_1                     0x0000027b   Thumb Code     0  libinit2.o(.ARM.Collect$$libinit$$00000008)
    __rt_lib_init_lc_collate_1               0x0000027b   Thumb Code     0  libinit2.o(.ARM.Collect$$libinit$$0000000F)
    __rt_lib_init_lc_ctype_1                 0x0000027b   Thumb Code     0  libinit2.o(.ARM.Collect$$libinit$$00000011)
    __rt_lib_init_lc_monetary_1              0x0000027b   Thumb Code     0  libinit2.o(.ARM.Collect$$libinit$$00000013)
    __rt_lib_init_lc_numeric_1               0x0000027b   Thumb Code     0  libinit2.o(.ARM.Collect$$libinit$$00000015)
    __rt_lib_init_lc_time_1                  0x0000027b   Thumb Code     0  libinit2.o(.ARM.Collect$$libinit$$00000017)
    __rt_lib_init_rand_1                     0x0000027b   Thumb Code     0  libinit2.o(.ARM.Collect$$libinit$$0000000C)
    __rt_lib_init_return                     0x0000027b   Thumb Code     0  libinit2.o(.ARM.Collect$$libinit$$00000031)
    __rt_lib_init_signal_1                   0x0000027b   Thumb Code     0  libinit2.o(.ARM.Collect$$libinit$$0000001B)
    __rt_lib_init_stdio_1                    0x0000027b   Thumb Code     0  libinit2.o(.ARM.Collect$$libinit$$00000023)
    __rt_lib_init_user_alloc_1               0x0000027b   Thumb Code     0  libinit2.o(.ARM.Collect$$libinit$$0000000A)
    __rt_lib_shutdown                        0x0000027d   Thumb Code     0  libshutdown.o(.ARM.Collect$$libshutdown$$00000000)
    __rt_lib_shutdown_fp_trap_1              0x0000027f   Thumb Code     0  libshutdown2.o(.ARM.Collect$$libshutdown$$00000006)
    __rt_lib_shutdown_heap_1                 0x0000027f   Thumb Code     0  libshutdown2.o(.ARM.Collect$$libshutdown$$0000000E)
    __rt_lib_shutdown_return                 0x0000027f   Thumb Code     0  libshutdown2.o(.ARM.Collect$$libshutdown$$0000000F)
    __rt_lib_shutdown_signal_1               0x0000027f   Thumb Code     0  libshutdown2.o(.ARM.Collect$$libshutdown$$00000009)
    __rt_lib_shutdown_stdio_1                0x0000027f   Thumb Code     0  libshutdown2.o(.ARM.Collect$$libshutdown$$00000003)
    __rt_lib_shutdown_user_alloc_1           0x0000027f   Thumb Code     0  libshutdown2.o(.ARM.Collect$$libshutdown$$0000000B)
    __rt_entry                               0x00000281   Thumb Code     0  rtentry.o(.ARM.Collect$$rtentry$$00000000)
    __rt_entry_presh_1                       0x00000281   Thumb Code     0  rtentry2.o(.ARM.Collect$$rtentry$$00000002)
    __rt_entry_sh                            0x00000281   Thumb Code     0  rtentry4.o(.ARM.Collect$$rtentry$$00000004)
    __rt_entry_li                            0x00000287   Thumb Code     0  rtentry2.o(.ARM.Collect$$rtentry$$0000000A)
    __rt_entry_postsh_1                      0x00000287   Thumb Code     0  rtentry2.o(.ARM.Collect$$rtentry$$00000009)
    __rt_entry_main                          0x0000028b   Thumb Code     0  rtentry2.o(.ARM.Collect$$rtentry$$0000000D)
    __rt_entry_postli_1                      0x0000028b   Thumb Code     0  rtentry2.o(.ARM.Collect$$rtentry$$0000000C)
    __rt_exit                                0x00000293   Thumb Code     0  rtexit.o(.ARM.Collect$$rtexit$$00000000)
    __rt_exit_ls                             0x00000295   Thumb Code     0  rtexit2.o(.ARM.Collect$$rtexit$$00000003)
    __rt_exit_prels_1                        0x00000295   Thumb Code     0  rtexit2.o(.ARM.Collect$$rtexit$$00000002)
    __rt_exit_exit                           0x00000299   Thumb Code     0  rtexit2.o(.ARM.Collect$$rtexit$$00000004)
    multiply32x32_asm                        0x000002a1   Thumb Code    44  test_mul.o(.test1)
    multiply32x32_asm_m4                     0x000002cd   Thumb Code    10  test_mul.o(.test1)
    test_low_mid                             0x000002d7   Thumb Code   112  test_mul.o(.test1)
    test_mid                                 0x00000347   Thumb Code   104  test_mul.o(.test1)
    test_high                                0x000003af   Thumb Code   106  test_mul.o(.test1)
    multiply256x256_asm                      0x00000419   Thumb Code  1366  mul.o(.test1)
    multi_testing                            0x00000971   Thumb Code    90  main.o(.text)
    main                                     0x000009cb   Thumb Code    82  main.o(.text)
    fpadd503                                 0x00000a21   Thumb Code   192  fp_generic.o(.text)
    fpsub503                                 0x00000ae1   Thumb Code   142  fp_generic.o(.text)
    fpneg503                                 0x00000b6f   Thumb Code    70  fp_generic.o(.text)
    fpdiv2_503                               0x00000bb5   Thumb Code    92  fp_generic.o(.text)
    fpcorrection503                          0x00000c11   Thumb Code   132  fp_generic.o(.text)
    mp_mul                                   0x00000c95   Thumb Code   284  fp_generic.o(.text)
    rdc_mont                                 0x00000db1   Thumb Code   368  fp_generic.o(.text)
    fpmul503_mont                            0x00000f49   Thumb Code    42  fpx.o(.text)
    to_mont                                  0x00000f73   Thumb Code    18  fpx.o(.text)
    from_mont                                0x00000f85   Thumb Code    40  fpx.o(.text)
    copy_words                               0x00000fad   Thumb Code    24  fpx.o(.text)
    fpsqr503_mont                            0x00000fc5   Thumb Code    40  fpx.o(.text)
    fpinv503_chain_mont                      0x00000fed   Thumb Code  1296  fpx.o(.text)
    fpinv503_mont                            0x000014fd   Thumb Code    50  fpx.o(.text)
    fp2copy503                               0x0000152f   Thumb Code    28  fpx.o(.text)
    fp2zero503                               0x0000154b   Thumb Code    20  fpx.o(.text)
    fp2neg503                                0x0000155f   Thumb Code    20  fpx.o(.text)
    fp2add503                                0x00001573   Thumb Code    36  fpx.o(.text)
    fp2sub503                                0x00001597   Thumb Code    36  fpx.o(.text)
    fp2div2_503                              0x000015bb   Thumb Code    28  fpx.o(.text)
    fp2correction503                         0x000015d7   Thumb Code    20  fpx.o(.text)
    fp2sqr503_mont                           0x00001643   Thumb Code    70  fpx.o(.text)
    mp_sub                                   0x00001689   Thumb Code    88  fpx.o(.text)
    fp2mul503_mont                           0x0000171b   Thumb Code   162  fpx.o(.text)
    fp2inv503_mont                           0x000017bd   Thumb Code    74  fpx.o(.text)
    to_fp2mont                               0x00001807   Thumb Code    28  fpx.o(.text)
    from_fp2mont                             0x00001823   Thumb Code    28  fpx.o(.text)
    mp_shiftleft                             0x0000183f   Thumb Code   110  fpx.o(.text)
    mp_shiftr1                               0x000018ad   Thumb Code    50  fpx.o(.text)
    mp_shiftl1                               0x000018df   Thumb Code    42  fpx.o(.text)
    xDBL                                     0x00001921   Thumb Code   124  ec_isogeny.o(.text)
    xDBLe                                    0x0000199d   Thumb Code    52  ec_isogeny.o(.text)
    get_4_isog                               0x000019d1   Thumb Code   108  ec_isogeny.o(.text)
    eval_4_isog                              0x00001a3d   Thumb Code   168  ec_isogeny.o(.text)
    xTPL                                     0x00001ae5   Thumb Code   236  ec_isogeny.o(.text)
    xTPLe                                    0x00001bd1   Thumb Code    52  ec_isogeny.o(.text)
    get_3_isog                               0x00001c05   Thumb Code   224  ec_isogeny.o(.text)
    eval_3_isog                              0x00001ce5   Thumb Code   116  ec_isogeny.o(.text)
    inv_3_way                                0x00001d59   Thumb Code    92  ec_isogeny.o(.text)
    get_A                                    0x00001db5   Thumb Code   156  ec_isogeny.o(.text)
    j_inv                                    0x00001e51   Thumb Code   162  ec_isogeny.o(.text)
    xDBLADD                                  0x00001ef3   Thumb Code   218  ec_isogeny.o(.text)
    LADDER3PT                                0x000020a5   Thumb Code   242  ec_isogeny.o(.text)
    random_mod_order_A_SIDHp503              0x00002267   Thumb Code    40  sidh.o(.text)
    random_mod_order_B_SIDHp503              0x0000228f   Thumb Code    40  sidh.o(.text)
    EphemeralKeyGeneration_A_SIDHp503        0x000022b7   Thumb Code   554  sidh.o(.text)
    EphemeralKeyGeneration_B_SIDHp503        0x000024e1   Thumb Code   590  sidh.o(.text)
    EphemeralSecretAgreement_A_SIDHp503      0x0000272f   Thumb Code   402  sidh.o(.text)
    EphemeralSecretAgreement_B_SIDHp503      0x000028c1   Thumb Code   404  sidh.o(.text)
    randombytes                              0x00002a61   Thumb Code     6  random.o(.text)
    Reset_Handler                            0x00002a69   Thumb Code     8  startup_tm4c129.o(.text)
    NMI_Handler                              0x00002a71   Thumb Code     2  startup_tm4c129.o(.text)
    HardFault_Handler                        0x00002a73   Thumb Code     2  startup_tm4c129.o(.text)
    MemManage_Handler                        0x00002a75   Thumb Code     2  startup_tm4c129.o(.text)
    BusFault_Handler                         0x00002a77   Thumb Code     2  startup_tm4c129.o(.text)
    UsageFault_Handler                       0x00002a79   Thumb Code     2  startup_tm4c129.o(.text)
    SVC_Handler                              0x00002a7b   Thumb Code     2  startup_tm4c129.o(.text)
    DebugMon_Handler                         0x00002a7d   Thumb Code     2  startup_tm4c129.o(.text)
    PendSV_Handler                           0x00002a7f   Thumb Code     2  startup_tm4c129.o(.text)
    SysTick_Handler                          0x00002a81   Thumb Code     2  startup_tm4c129.o(.text)
    GPIOA_Handler                            0x00002a83   Thumb Code     2  startup_tm4c129.o(.text)
    GPIOB_Handler                            0x00002a85   Thumb Code     2  startup_tm4c129.o(.text)
    GPIOC_Handler                            0x00002a87   Thumb Code     2  startup_tm4c129.o(.text)
    GPIOD_Handler                            0x00002a89   Thumb Code     2  startup_tm4c129.o(.text)
    GPIOE_Handler                            0x00002a8b   Thumb Code     2  startup_tm4c129.o(.text)
    UART0_Handler                            0x00002a8d   Thumb Code     2  startup_tm4c129.o(.text)
    UART1_Handler                            0x00002a8f   Thumb Code     2  startup_tm4c129.o(.text)
    SSI0_Handler                             0x00002a91   Thumb Code     2  startup_tm4c129.o(.text)
    I2C0_Handler                             0x00002a93   Thumb Code     2  startup_tm4c129.o(.text)
    PMW0_FAULT_Handler                       0x00002a95   Thumb Code     2  startup_tm4c129.o(.text)
    PWM0_0_Handler                           0x00002a97   Thumb Code     2  startup_tm4c129.o(.text)
    PWM0_1_Handler                           0x00002a99   Thumb Code     2  startup_tm4c129.o(.text)
    PWM0_2_Handler                           0x00002a9b   Thumb Code     2  startup_tm4c129.o(.text)
    QEI0_Handler                             0x00002a9d   Thumb Code     2  startup_tm4c129.o(.text)
    ADC0SS0_Handler                          0x00002a9f   Thumb Code     2  startup_tm4c129.o(.text)
    ADC0SS1_Handler                          0x00002aa1   Thumb Code     2  startup_tm4c129.o(.text)
    ADC0SS2_Handler                          0x00002aa3   Thumb Code     2  startup_tm4c129.o(.text)
    ADC0SS3_Handler                          0x00002aa5   Thumb Code     2  startup_tm4c129.o(.text)
    WDT0_Handler                             0x00002aa7   Thumb Code     2  startup_tm4c129.o(.text)
    TIMER0A_Handler                          0x00002aa9   Thumb Code     2  startup_tm4c129.o(.text)
    TIMER0B_Handler                          0x00002aab   Thumb Code     2  startup_tm4c129.o(.text)
    TIMER1A_Handler                          0x00002aad   Thumb Code     2  startup_tm4c129.o(.text)
    TIMER1B_Handler                          0x00002aaf   Thumb Code     2  startup_tm4c129.o(.text)
    TIMER2A_Handler                          0x00002ab1   Thumb Code     2  startup_tm4c129.o(.text)
    TIMER2B_Handler                          0x00002ab3   Thumb Code     2  startup_tm4c129.o(.text)
    COMP0_Handler                            0x00002ab5   Thumb Code     2  startup_tm4c129.o(.text)
    COMP1_Handler                            0x00002ab7   Thumb Code     2  startup_tm4c129.o(.text)
    COMP2_Handler                            0x00002ab9   Thumb Code     2  startup_tm4c129.o(.text)
    SYSCTL_Handler                           0x00002abb   Thumb Code     2  startup_tm4c129.o(.text)
    FLASH_Handler                            0x00002abd   Thumb Code     2  startup_tm4c129.o(.text)
    GPIOF_Handler                            0x00002abf   Thumb Code     2  startup_tm4c129.o(.text)
    GPIOG_Handler                            0x00002ac1   Thumb Code     2  startup_tm4c129.o(.text)
    GPIOH_Handler                            0x00002ac3   Thumb Code     2  startup_tm4c129.o(.text)
    UART2_Handler                            0x00002ac5   Thumb Code     2  startup_tm4c129.o(.text)
    SSI1_Handler                             0x00002ac7   Thumb Code     2  startup_tm4c129.o(.text)
    TIMER3A_Handler                          0x00002ac9   Thumb Code     2  startup_tm4c129.o(.text)
    TIMER3B_Handler                          0x00002acb   Thumb Code     2  startup_tm4c129.o(.text)
    I2C1_Handler                             0x00002acd   Thumb Code     2  startup_tm4c129.o(.text)
    CAN0_Handler                             0x00002acf   Thumb Code     2  startup_tm4c129.o(.text)
    CAN1_Handler                             0x00002ad1   Thumb Code     2  startup_tm4c129.o(.text)
    ETH_Handler                              0x00002ad3   Thumb Code     2  startup_tm4c129.o(.text)
    HIB_Handler                              0x00002ad5   Thumb Code     2  startup_tm4c129.o(.text)
    USB0_Handler                             0x00002ad7   Thumb Code     2  startup_tm4c129.o(.text)
    PWM0_3_Handler                           0x00002ad9   Thumb Code     2  startup_tm4c129.o(.text)
    UDMA_Handler                             0x00002adb   Thumb Code     2  startup_tm4c129.o(.text)
    UDMAERR_Handler                          0x00002add   Thumb Code     2  startup_tm4c129.o(.text)
    ADC1SS0_Handler                          0x00002adf   Thumb Code     2  startup_tm4c129.o(.text)
    ADC1SS1_Handler                          0x00002ae1   Thumb Code     2  startup_tm4c129.o(.text)
    ADC1SS2_Handler                          0x00002ae3   Thumb Code     2  startup_tm4c129.o(.text)
    ADC1SS3_Handler                          0x00002ae5   Thumb Code     2  startup_tm4c129.o(.text)
    EBI0_Handler                             0x00002ae7   Thumb Code     2  startup_tm4c129.o(.text)
    GPIOJ_Handler                            0x00002ae9   Thumb Code     2  startup_tm4c129.o(.text)
    GPIOK_Handler                            0x00002aeb   Thumb Code     2  startup_tm4c129.o(.text)
    GPIOL_Handler                            0x00002aed   Thumb Code     2  startup_tm4c129.o(.text)
    SSI2_Handler                             0x00002aef   Thumb Code     2  startup_tm4c129.o(.text)
    SSI3_Handler                             0x00002af1   Thumb Code     2  startup_tm4c129.o(.text)
    UART3_Handler                            0x00002af3   Thumb Code     2  startup_tm4c129.o(.text)
    UART4_Handler                            0x00002af5   Thumb Code     2  startup_tm4c129.o(.text)
    UART5_Handler                            0x00002af7   Thumb Code     2  startup_tm4c129.o(.text)
    UART6_Handler                            0x00002af9   Thumb Code     2  startup_tm4c129.o(.text)
    UART7_Handler                            0x00002afb   Thumb Code     2  startup_tm4c129.o(.text)
    I2C2_Handler                             0x00002afd   Thumb Code     2  startup_tm4c129.o(.text)
    I2C3_Handler                             0x00002aff   Thumb Code     2  startup_tm4c129.o(.text)
    TIMER4A_Handler                          0x00002b01   Thumb Code     2  startup_tm4c129.o(.text)
    TIMER4B_Handler                          0x00002b03   Thumb Code     2  startup_tm4c129.o(.text)
    TIMER5A_Handler                          0x00002b05   Thumb Code     2  startup_tm4c129.o(.text)
    TIMER5B_Handler                          0x00002b07   Thumb Code     2  startup_tm4c129.o(.text)
    WTIMER0A_Handler                         0x00002b09   Thumb Code     2  startup_tm4c129.o(.text)
    WTIMER0B_Handler                         0x00002b0b   Thumb Code     2  startup_tm4c129.o(.text)
    WTIMER1A_Handler                         0x00002b0d   Thumb Code     2  startup_tm4c129.o(.text)
    WTIMER1B_Handler                         0x00002b0f   Thumb Code     2  startup_tm4c129.o(.text)
    WTIMER2A_Handler                         0x00002b11   Thumb Code     2  startup_tm4c129.o(.text)
    WTIMER2B_Handler                         0x00002b13   Thumb Code     2  startup_tm4c129.o(.text)
    WTIMER3A_Handler                         0x00002b15   Thumb Code     2  startup_tm4c129.o(.text)
    WTIMER3B_Handler                         0x00002b17   Thumb Code     2  startup_tm4c129.o(.text)
    WTIMER4A_Handler                         0x00002b19   Thumb Code     2  startup_tm4c129.o(.text)
    WTIMER4B_Handler                         0x00002b1b   Thumb Code     2  startup_tm4c129.o(.text)
    WTIMER5A_Handler                         0x00002b1d   Thumb Code     2  startup_tm4c129.o(.text)
    WTIMER5B_Handler                         0x00002b1f   Thumb Code     2  startup_tm4c129.o(.text)
    FPU_Handler                              0x00002b21   Thumb Code     2  startup_tm4c129.o(.text)
    I2C4_Handler                             0x00002b23   Thumb Code     2  startup_tm4c129.o(.text)
    I2C5_Handler                             0x00002b25   Thumb Code     2  startup_tm4c129.o(.text)
    GPIOM_Handler                            0x00002b27   Thumb Code     2  startup_tm4c129.o(.text)
    GPION_Handler                            0x00002b29   Thumb Code     2  startup_tm4c129.o(.text)
    TAMPER_Handler                           0x00002b2b   Thumb Code     2  startup_tm4c129.o(.text)
    GPIOP0_Handler                           0x00002b2d   Thumb Code     2  startup_tm4c129.o(.text)
    GPIOP1_Handler                           0x00002b2f   Thumb Code     2  startup_tm4c129.o(.text)
    GPIOP2_Handler                           0x00002b31   Thumb Code     2  startup_tm4c129.o(.text)
    GPIOP3_Handler                           0x00002b33   Thumb Code     2  startup_tm4c129.o(.text)
    GPIOP4_Handler                           0x00002b35   Thumb Code     2  startup_tm4c129.o(.text)
    GPIOP5_Handler                           0x00002b37   Thumb Code     2  startup_tm4c129.o(.text)
    GPIOP6_Handler                           0x00002b39   Thumb Code     2  startup_tm4c129.o(.text)
    GPIOP7_Handler                           0x00002b3b   Thumb Code     2  startup_tm4c129.o(.text)
    GPIOQ0_Handler                           0x00002b3d   Thumb Code     2  startup_tm4c129.o(.text)
    GPIOQ1_Handler                           0x00002b3f   Thumb Code     2  startup_tm4c129.o(.text)
    GPIOQ2_Handler                           0x00002b41   Thumb Code     2  startup_tm4c129.o(.text)
    GPIOQ3_Handler                           0x00002b43   Thumb Code     2  startup_tm4c129.o(.text)
    GPIOQ4_Handler                           0x00002b45   Thumb Code     2  startup_tm4c129.o(.text)
    GPIOQ5_Handler                           0x00002b47   Thumb Code     2  startup_tm4c129.o(.text)
    GPIOQ6_Handler                           0x00002b49   Thumb Code     2  startup_tm4c129.o(.text)
    GPIOQ7_Handler                           0x00002b4b   Thumb Code     2  startup_tm4c129.o(.text)
    GPIOR_Handler                            0x00002b4d   Thumb Code     2  startup_tm4c129.o(.text)
    GPIOS_Handler                            0x00002b4f   Thumb Code     2  startup_tm4c129.o(.text)
    SHAMD5_Handler                           0x00002b51   Thumb Code     2  startup_tm4c129.o(.text)
    AES_Handler                              0x00002b53   Thumb Code     2  startup_tm4c129.o(.text)
    DES3DES_Handler                          0x00002b55   Thumb Code     2  startup_tm4c129.o(.text)
    LCDCONTROLLER_Handler                    0x00002b57   Thumb Code     2  startup_tm4c129.o(.text)
    TIMER6A_Handler                          0x00002b59   Thumb Code     2  startup_tm4c129.o(.text)
    TIMER6B_Handler                          0x00002b5b   Thumb Code     2  startup_tm4c129.o(.text)
    TIMER7A_Handler                          0x00002b5d   Thumb Code     2  startup_tm4c129.o(.text)
    TIMER7B_Handler                          0x00002b5f   Thumb Code     2  startup_tm4c129.o(.text)
    I2C6_Handler                             0x00002b61   Thumb Code     2  startup_tm4c129.o(.text)
    I2C7_Handler                             0x00002b63   Thumb Code     2  startup_tm4c129.o(.text)
    HIMSCANKEYBOARD_Handler                  0x00002b65   Thumb Code     2  startup_tm4c129.o(.text)
    ONEWIRE_Handler                          0x00002b67   Thumb Code     2  startup_tm4c129.o(.text)
    HIMPS2_Handler                           0x00002b69   Thumb Code     2  startup_tm4c129.o(.text)
    HIMLEDSEQUENCER_Handler                  0x00002b6b   Thumb Code     2  startup_tm4c129.o(.text)
    HIMCONSUMERIR_Handler                    0x00002b6d   Thumb Code     2  startup_tm4c129.o(.text)
    I2C8_Handler                             0x00002b6f   Thumb Code     2  startup_tm4c129.o(.text)
    I2C9_Handler                             0x00002b71   Thumb Code     2  startup_tm4c129.o(.text)
    GPIOT_Handler                            0x00002b73   Thumb Code     2  startup_tm4c129.o(.text)
    __user_initial_stackheap                 0x00002b75   Thumb Code     0  startup_tm4c129.o(.text)
    SystemCoreClockUpdate                    0x00002b95   Thumb Code     8  system_tm4c129.o(.text)
    SystemInit                               0x00002b9d   Thumb Code    20  system_tm4c129.o(.text)
    __aeabi_memclr4                          0x00002bbd   Thumb Code     0  rt_memclr_w.o(.text)
    __aeabi_memclr8                          0x00002bbd   Thumb Code     0  rt_memclr_w.o(.text)
    __rt_memclr_w                            0x00002bbd   Thumb Code    78  rt_memclr_w.o(.text)
    _memset_w                                0x00002bc1   Thumb Code     0  rt_memclr_w.o(.text)
    __use_two_region_memory                  0x00002c0b   Thumb Code     2  heapauxi.o(.text)
    __rt_heap_escrow$2region                 0x00002c0d   Thumb Code     2  heapauxi.o(.text)
    __rt_heap_expand$2region                 0x00002c0f   Thumb Code     2  heapauxi.o(.text)
    __user_setup_stackheap                   0x00002c11   Thumb Code    74  sys_stackheap_outer.o(.text)
    exit                                     0x00002c5b   Thumb Code    12  exit.o(.text)
    __user_libspace                          0x00002c69   Thumb Code     8  libspace.o(.text)
    __user_perproc_libspace                  0x00002c69   Thumb Code     0  libspace.o(.text)
    __user_perthread_libspace                0x00002c69   Thumb Code     0  libspace.o(.text)
    _sys_exit                                0x00002c71   Thumb Code     8  sys_exit.o(.text)
    __I$use$semihosting                      0x00002c7d   Thumb Code     0  use_no_semi.o(.text)
    __use_no_semihosting_swi                 0x00002c7d   Thumb Code     2  use_no_semi.o(.text)
    __semihosting_library_function           0x00002c7f   Thumb Code     0  indicate_semi.o(.text)
    fpcopy503                                0x00002c7f   Thumb Code    22  fpx.o(i.fpcopy503)
    fpzero503                                0x00002c95   Thumb Code    20  fpx.o(i.fpzero503)
    _fp_init                                 0x00002ca9   Thumb Code    10  fpinit.o(x$fpl$fpinit)
    __fplib_config_fpu_vfp                   0x00002cb1   Thumb Code     0  fpinit.o(x$fpl$fpinit)
    __fplib_config_pureend_doubles           0x00002cb1   Thumb Code     0  fpinit.o(x$fpl$fpinit)
    p503                                     0x00002cc0   Data          64  p503.o(.constdata)
    p503p1                                   0x00002d00   Data          64  p503.o(.constdata)
    p503x2                                   0x00002d40   Data          64  p503.o(.constdata)
    Alice_order                              0x00002d80   Data          32  p503.o(.constdata)
    Bob_order                                0x00002da0   Data          32  p503.o(.constdata)
    A_gen                                    0x00002dc0   Data         320  p503.o(.constdata)
    B_gen                                    0x00002f00   Data         320  p503.o(.constdata)
    Montgomery_R2                            0x00003040   Data          64  p503.o(.constdata)
    Montgomery_one                           0x00003080   Data          64  p503.o(.constdata)
    Montgomery_Rprime                        0x000030c0   Data          32  p503.o(.constdata)
    Montgomery_rprime                        0x000030e0   Data          32  p503.o(.constdata)
    Border_div3                              0x00003100   Data          64  p503.o(.constdata)
    strat_Alice                              0x00003140   Data         496  p503.o(.constdata)
    strat_Bob                                0x00003330   Data         632  p503.o(.constdata)
    Region$$Table$$Base                      0x000035a8   Number         0  anon$$obj.o(Region$$Table)
    Region$$Table$$Limit                     0x000035c8   Number         0  anon$$obj.o(Region$$Table)
    SystemCoreClock                          0x20000000   Data           4  system_tm4c129.o(.data)
    __libspace_start                         0x20000004   Data          96  libspace.o(.bss)
    __temporary_stack_top$libspace           0x20000064   Data           0  libspace.o(.bss)



==============================================================================

Memory Map of the image

  Image Entry point : 0x00000201

  Load Region LR_IROM1 (Base: 0x00000000, Size: 0x000035cc, Max: 0x00100000, ABSOLUTE)

    Execution Region ER_IROM1 (Base: 0x00000000, Size: 0x000035c8, Max: 0x00100000, ABSOLUTE)

    Base Addr    Size         Type   Attr      Idx    E Section Name        Object

    0x00000000   0x00000200   Data   RO          197    RESET               startup_tm4c129.o
    0x00000200   0x00000008   Code   RO          261  * !!!main             c_w.l(__main.o)
    0x00000208   0x00000034   Code   RO          427    !!!scatter          c_w.l(__scatter.o)
    0x0000023c   0x0000001a   Code   RO          429    !!handler_copy      c_w.l(__scatter_copy.o)
    0x00000256   0x00000002   PAD
    0x00000258   0x0000001c   Code   RO          431    !!handler_zi        c_w.l(__scatter_zi.o)
    0x00000274   0x00000002   Code   RO          300    .ARM.Collect$$libinit$$00000000  c_w.l(libinit.o)
    0x00000276   0x00000004   Code   RO          312    .ARM.Collect$$libinit$$00000001  c_w.l(libinit2.o)
    0x0000027a   0x00000000   Code   RO          316    .ARM.Collect$$libinit$$00000008  c_w.l(libinit2.o)
    0x0000027a   0x00000000   Code   RO          318    .ARM.Collect$$libinit$$0000000A  c_w.l(libinit2.o)
    0x0000027a   0x00000000   Code   RO          320    .ARM.Collect$$libinit$$0000000C  c_w.l(libinit2.o)
    0x0000027a   0x00000000   Code   RO          323    .ARM.Collect$$libinit$$0000000F  c_w.l(libinit2.o)
    0x0000027a   0x00000000   Code   RO          325    .ARM.Collect$$libinit$$00000011  c_w.l(libinit2.o)
    0x0000027a   0x00000000   Code   RO          327    .ARM.Collect$$libinit$$00000013  c_w.l(libinit2.o)
    0x0000027a   0x00000000   Code   RO          329    .ARM.Collect$$libinit$$00000015  c_w.l(libinit2.o)
    0x0000027a   0x00000000   Code   RO          331    .ARM.Collect$$libinit$$00000017  c_w.l(libinit2.o)
    0x0000027a   0x00000000   Code   RO          333    .ARM.Collect$$libinit$$00000019  c_w.l(libinit2.o)
    0x0000027a   0x00000000   Code   RO          335    .ARM.Collect$$libinit$$0000001B  c_w.l(libinit2.o)
    0x0000027a   0x00000000   Code   RO          337    .ARM.Collect$$libinit$$0000001D  c_w.l(libinit2.o)
    0x0000027a   0x00000000   Code   RO          339    .ARM.Collect$$libinit$$0000001F  c_w.l(libinit2.o)
    0x0000027a   0x00000000   Code   RO          341    .ARM.Collect$$libinit$$00000021  c_w.l(libinit2.o)
    0x0000027a   0x00000000   Code   RO          343    .ARM.Collect$$libinit$$00000023  c_w.l(libinit2.o)
    0x0000027a   0x00000000   Code   RO          347    .ARM.Collect$$libinit$$0000002A  c_w.l(libinit2.o)
    0x0000027a   0x00000000   Code   RO          349    .ARM.Collect$$libinit$$0000002C  c_w.l(libinit2.o)
    0x0000027a   0x00000000   Code   RO          351    .ARM.Collect$$libinit$$0000002E  c_w.l(libinit2.o)
    0x0000027a   0x00000000   Code   RO          353    .ARM.Collect$$libinit$$00000030  c_w.l(libinit2.o)
    0x0000027a   0x00000002   Code   RO          354    .ARM.Collect$$libinit$$00000031  c_w.l(libinit2.o)
    0x0000027c   0x00000002   Code   RO          385    .ARM.Collect$$libshutdown$$00000000  c_w.l(libshutdown.o)
    0x0000027e   0x00000000   Code   RO          412    .ARM.Collect$$libshutdown$$00000003  c_w.l(libshutdown2.o)
    0x0000027e   0x00000000   Code   RO          415    .ARM.Collect$$libshutdown$$00000006  c_w.l(libshutdown2.o)
    0x0000027e   0x00000000   Code   RO          418    .ARM.Collect$$libshutdown$$00000009  c_w.l(libshutdown2.o)
    0x0000027e   0x00000000   Code   RO          420    .ARM.Collect$$libshutdown$$0000000B  c_w.l(libshutdown2.o)
    0x0000027e   0x00000000   Code   RO          423    .ARM.Collect$$libshutdown$$0000000E  c_w.l(libshutdown2.o)
    0x0000027e   0x00000002   Code   RO          424    .ARM.Collect$$libshutdown$$0000000F  c_w.l(libshutdown2.o)
    0x00000280   0x00000000   Code   RO          263    .ARM.Collect$$rtentry$$00000000  c_w.l(rtentry.o)
    0x00000280   0x00000000   Code   RO          271    .ARM.Collect$$rtentry$$00000002  c_w.l(rtentry2.o)
    0x00000280   0x00000006   Code   RO          283    .ARM.Collect$$rtentry$$00000004  c_w.l(rtentry4.o)
    0x00000286   0x00000000   Code   RO          273    .ARM.Collect$$rtentry$$00000009  c_w.l(rtentry2.o)
    0x00000286   0x00000004   Code   RO          274    .ARM.Collect$$rtentry$$0000000A  c_w.l(rtentry2.o)
    0x0000028a   0x00000000   Code   RO          276    .ARM.Collect$$rtentry$$0000000C  c_w.l(rtentry2.o)
    0x0000028a   0x00000008   Code   RO          277    .ARM.Collect$$rtentry$$0000000D  c_w.l(rtentry2.o)
    0x00000292   0x00000002   Code   RO          304    .ARM.Collect$$rtexit$$00000000  c_w.l(rtexit.o)
    0x00000294   0x00000000   Code   RO          358    .ARM.Collect$$rtexit$$00000002  c_w.l(rtexit2.o)
    0x00000294   0x00000004   Code   RO          359    .ARM.Collect$$rtexit$$00000003  c_w.l(rtexit2.o)
    0x00000298   0x00000006   Code   RO          360    .ARM.Collect$$rtexit$$00000004  c_w.l(rtexit2.o)
    0x0000029e   0x00000002   PAD
    0x000002a0   0x00000178   Code   RO          186    .test1              test_mul.o
    0x00000418   0x00000556   Code   RO          191    .test1              mul.o
    0x0000096e   0x00000002   PAD
    0x00000970   0x000000b0   Code   RO            1    .text               main.o
    0x00000a20   0x00000528   Code   RO           51    .text               fp_generic.o
    0x00000f48   0x000009d8   Code   RO           82    .text               fpx.o
    0x00001920   0x0000087c   Code   RO          110    .text               ec_isogeny.o
    0x0000219c   0x000008c4   Code   RO          123    .text               sidh.o
    0x00002a60   0x00000006   Code   RO          154    .text               random.o
    0x00002a66   0x00000002   PAD
    0x00002a68   0x0000012c   Code   RO          198    .text               startup_tm4c129.o
    0x00002b94   0x00000028   Code   RO          204    .text               system_tm4c129.o
    0x00002bbc   0x0000004e   Code   RO          257    .text               c_w.l(rt_memclr_w.o)
    0x00002c0a   0x00000006   Code   RO          259    .text               c_w.l(heapauxi.o)
    0x00002c10   0x0000004a   Code   RO          287    .text               c_w.l(sys_stackheap_outer.o)
    0x00002c5a   0x0000000c   Code   RO          289    .text               c_w.l(exit.o)
    0x00002c66   0x00000002   PAD
    0x00002c68   0x00000008   Code   RO          301    .text               c_w.l(libspace.o)
    0x00002c70   0x0000000c   Code   RO          355    .text               c_w.l(sys_exit.o)
    0x00002c7c   0x00000002   Code   RO          374    .text               c_w.l(use_no_semi.o)
    0x00002c7e   0x00000000   Code   RO          376    .text               c_w.l(indicate_semi.o)
    0x00002c7e   0x00000016   Code   RO           91    i.fpcopy503         fpx.o
    0x00002c94   0x00000014   Code   RO           97    i.fpzero503         fpx.o
    0x00002ca8   0x0000000a   Code   RO          370    x$fpl$fpinit        fz_wm.l(fpinit.o)
    0x00002cb2   0x00000002   PAD
    0x00002cb4   0x00000008   Data   RO            3    .constdata          main.o
    0x00002cbc   0x00000004   PAD
    0x00002cc0   0x000008e8   Data   RO           73    .constdata          p503.o
    0x000035a8   0x00000020   Data   RO          425    Region$$Table       anon$$obj.o


    Execution Region RW_IRAM1 (Base: 0x20000000, Size: 0x00000868, Max: 0x00040000, ABSOLUTE)

    Base Addr    Size         Type   Attr      Idx    E Section Name        Object

    0x20000000   0x00000004   Data   RW          205    .data               system_tm4c129.o
    0x20000004   0x00000060   Zero   RW          302    .bss                c_w.l(libspace.o)
    0x20000064   0x00000004   PAD
    0x20000068   0x00000000   Zero   RW          196    HEAP                startup_tm4c129.o
    0x20000068   0x00000800   Zero   RW          195    STACK               startup_tm4c129.o


==============================================================================

Image component sizes


      Code (inc. data)   RO Data    RW Data    ZI Data      Debug   Object Name

      2172          6          0          0          0       6250   ec_isogeny.o
      1320         20          0          0          0       9105   fp_generic.o
      2562         10          0          0          0      10275   fpx.o
       176          4          8          0          0      10337   main.o
      1366          0          0          0          0       1016   mul.o
         0          0       2280          0          0       1122   p503.o
         6          0          0          0          0        562   random.o
      2244         34          0          0          0       5752   sidh.o
       300         22        512          0       2048       6032   startup_tm4c129.o
        40         12          0          4          0        885   system_tm4c129.o
       376          0          0          0          0        724   test_mul.o

    ----------------------------------------------------------------------
     10566        108       2836          4       2048      52060   Object Totals
         0          0         32          0          0          0   (incl. Generated)
         4          0          4          0          0          0   (incl. Padding)

    ----------------------------------------------------------------------

      Code (inc. data)   RO Data    RW Data    ZI Data      Debug   Library Member Name

         8          0          0          0          0         68   __main.o
        52          8          0          0          0          0   __scatter.o
        26          0          0          0          0          0   __scatter_copy.o
        28          0          0          0          0          0   __scatter_zi.o
        12          0          0          0          0         72   exit.o
         6          0          0          0          0        152   heapauxi.o
         0          0          0          0          0          0   indicate_semi.o
         2          0          0          0          0          0   libinit.o
         6          0          0          0          0          0   libinit2.o
         2          0          0          0          0          0   libshutdown.o
         2          0          0          0          0          0   libshutdown2.o
         8          4          0          0         96         68   libspace.o
        78          0          0          0          0         80   rt_memclr_w.o
         0          0          0          0          0          0   rtentry.o
        12          0          0          0          0          0   rtentry2.o
         6          0          0          0          0          0   rtentry4.o
         2          0          0          0          0          0   rtexit.o
        10          0          0          0          0          0   rtexit2.o
        12          4          0          0          0         68   sys_exit.o
        74          0          0          0          0         80   sys_stackheap_outer.o
         2          0          0          0          0         68   use_no_semi.o
        10          0          0          0          0        116   fpinit.o

    ----------------------------------------------------------------------
       366         16          0          0        100        772   Library Totals
         8          0          0          0          4          0   (incl. Padding)

    ----------------------------------------------------------------------

      Code (inc. data)   RO Data    RW Data    ZI Data      Debug   Library Name

       348         16          0          0         96        656   c_w.l
        10          0          0          0          0        116   fz_wm.l

    ----------------------------------------------------------------------
       366         16          0          0        100        772   Library Totals

    ----------------------------------------------------------------------

==============================================================================


      Code (inc. data)   RO Data    RW Data    ZI Data      Debug   

     10932        124       2836          4       2148      51724   Grand Totals
     10932        124       2836          4       2148      51724   ELF Image Totals
     10932        124       2836          4          0          0   ROM Totals

==============================================================================

    Total RO  Size (Code + RO Data)                13768 (  13.45kB)
    Total RW  Size (RW Data + ZI Data)              2152 (   2.10kB)
    Total ROM Size (Code + RO Data + RW Data)      13772 (  13.45kB)

==============================================================================

